// Jest Snapshot v1, https://goo.gl/fbAQLP

exports[`Calendar calendar render 1`] = `
<CalendarView
  dateRender={[Function]}
  defaultValue={2017-11-03T07:00:00.000Z}
  disabledDate={[Function]}
  max={2017-11-06T07:00:00.000Z}
  min={2017-11-03T07:00:00.000Z}
  multiple={false}
  prefixCls="za-calendar"
>
  <div
    className="za-calendar"
  >
    <ul
      className="za-calendar__bar"
    >
      <li
        className="za-calendar__bar__item"
        key="日"
      >
        日
      </li>
      <li
        className="za-calendar__bar__item"
        key="一"
      >
        一
      </li>
      <li
        className="za-calendar__bar__item"
        key="二"
      >
        二
      </li>
      <li
        className="za-calendar__bar__item"
        key="三"
      >
        三
      </li>
      <li
        className="za-calendar__bar__item"
        key="四"
      >
        四
      </li>
      <li
        className="za-calendar__bar__item"
        key="五"
      >
        五
      </li>
      <li
        className="za-calendar__bar__item"
        key="六"
      >
        六
      </li>
    </ul>
    <section
      className="za-calendar__body"
    >
      <CalendarMonthView
        dateMonth={2017-10-31T19:00:00.000Z}
        dateRender={[Function]}
        disabledDate={[Function]}
        key="2017-10"
        max={2017-11-05T19:00:00.000Z}
        min={2017-11-02T19:00:00.000Z}
        onDateClick={[Function]}
        prefixCls="za-calendar"
        value={
          Array [
            2017-11-02T19:00:00.000Z,
          ]
        }
      >
        <section
          className="za-calendar__month"
          key="2017-10"
          title="2017年11月"
        >
          <ul>
            <li
              className="za-calendar__day za-calendar__day--disabled firstday-3"
              key="2017-10-1"
              onClick={[Function]}
            >
              <div
                className="za-calendar__day__content"
              >
                1
              </div>
            </li>
            <li
              className="za-calendar__day za-calendar__day--disabled"
              key="2017-10-2"
              onClick={[Function]}
            >
              <div
                className="za-calendar__day__content"
              >
                2
              </div>
            </li>
            <li
              className="za-calendar__day za-calendar__day--selected"
              key="2017-10-3"
              onClick={[Function]}
            >
              <div
                className="za-calendar__day__content"
              >
                3
              </div>
            </li>
            <li
              className="za-calendar__day d6"
              key="2017-10-4"
              onClick={[Function]}
            >
              <div
                className="za-calendar__day__content"
              >
                4
              </div>
            </li>
            <li
              className="za-calendar__day d7"
              key="2017-10-5"
              onClick={[Function]}
            >
              <div
                className="za-calendar__day__content"
              >
                5
              </div>
            </li>
            <li
              className="za-calendar__day"
              key="2017-10-6"
              onClick={[Function]}
            >
              <div
                className="za-calendar__day__content"
              >
                6
              </div>
            </li>
            <li
              className="za-calendar__day za-calendar__day--disabled"
              key="2017-10-7"
              onClick={[Function]}
            >
              <div
                className="za-calendar__day__content"
              >
                7
              </div>
            </li>
            <li
              className="za-calendar__day za-calendar__day--disabled"
              key="2017-10-8"
              onClick={[Function]}
            >
              <div
                className="za-calendar__day__content"
              >
                8
              </div>
            </li>
            <li
              className="za-calendar__day za-calendar__day--disabled"
              key="2017-10-9"
              onClick={[Function]}
            >
              <div
                className="za-calendar__day__content"
              >
                9
              </div>
            </li>
            <li
              className="za-calendar__day za-calendar__day--disabled"
              key="2017-10-10"
              onClick={[Function]}
            >
              <div
                className="za-calendar__day__content"
              >
                10
              </div>
            </li>
            <li
              className="za-calendar__day d6 za-calendar__day--disabled"
              key="2017-10-11"
              onClick={[Function]}
            >
              <div
                className="za-calendar__day__content"
              >
                11
              </div>
            </li>
            <li
              className="za-calendar__day d7 za-calendar__day--disabled"
              key="2017-10-12"
              onClick={[Function]}
            >
              <div
                className="za-calendar__day__content"
              >
                12
              </div>
            </li>
            <li
              className="za-calendar__day za-calendar__day--disabled"
              key="2017-10-13"
              onClick={[Function]}
            >
              <div
                className="za-calendar__day__content"
              >
                13
              </div>
            </li>
            <li
              className="za-calendar__day za-calendar__day--disabled"
              key="2017-10-14"
              onClick={[Function]}
            >
              <div
                className="za-calendar__day__content"
              >
                14
              </div>
            </li>
            <li
              className="za-calendar__day za-calendar__day--disabled"
              key="2017-10-15"
              onClick={[Function]}
            >
              <div
                className="za-calendar__day__content"
              >
                15
              </div>
            </li>
            <li
              className="za-calendar__day za-calendar__day--disabled"
              key="2017-10-16"
              onClick={[Function]}
            >
              <div
                className="za-calendar__day__content"
              >
                16
              </div>
            </li>
            <li
              className="za-calendar__day za-calendar__day--disabled"
              key="2017-10-17"
              onClick={[Function]}
            >
              <div
                className="za-calendar__day__content"
              >
                17
              </div>
            </li>
            <li
              className="za-calendar__day d6 za-calendar__day--disabled"
              key="2017-10-18"
              onClick={[Function]}
            >
              <div
                className="za-calendar__day__content"
              >
                18
              </div>
            </li>
            <li
              className="za-calendar__day d7 za-calendar__day--disabled"
              key="2017-10-19"
              onClick={[Function]}
            >
              <div
                className="za-calendar__day__content"
              >
                19
              </div>
            </li>
            <li
              className="za-calendar__day za-calendar__day--disabled"
              key="2017-10-20"
              onClick={[Function]}
            >
              <div
                className="za-calendar__day__content"
              >
                20
              </div>
            </li>
            <li
              className="za-calendar__day za-calendar__day--disabled"
              key="2017-10-21"
              onClick={[Function]}
            >
              <div
                className="za-calendar__day__content"
              >
                21
              </div>
            </li>
            <li
              className="za-calendar__day za-calendar__day--disabled"
              key="2017-10-22"
              onClick={[Function]}
            >
              <div
                className="za-calendar__day__content"
              >
                22
              </div>
            </li>
            <li
              className="za-calendar__day za-calendar__day--disabled"
              key="2017-10-23"
              onClick={[Function]}
            >
              <div
                className="za-calendar__day__content"
              >
                23
              </div>
            </li>
            <li
              className="za-calendar__day za-calendar__day--disabled"
              key="2017-10-24"
              onClick={[Function]}
            >
              <div
                className="za-calendar__day__content"
              >
                24
              </div>
            </li>
            <li
              className="za-calendar__day d6 za-calendar__day--disabled"
              key="2017-10-25"
              onClick={[Function]}
            >
              <div
                className="za-calendar__day__content"
              >
                25
              </div>
            </li>
            <li
              className="za-calendar__day d7 za-calendar__day--disabled"
              key="2017-10-26"
              onClick={[Function]}
            >
              <div
                className="za-calendar__day__content"
              >
                26
              </div>
            </li>
            <li
              className="za-calendar__day za-calendar__day--disabled"
              key="2017-10-27"
              onClick={[Function]}
            >
              <div
                className="za-calendar__day__content"
              >
                27
              </div>
            </li>
            <li
              className="za-calendar__day za-calendar__day--disabled"
              key="2017-10-28"
              onClick={[Function]}
            >
              <div
                className="za-calendar__day__content"
              >
                28
              </div>
            </li>
            <li
              className="za-calendar__day za-calendar__day--disabled"
              key="2017-10-29"
              onClick={[Function]}
            >
              <div
                className="za-calendar__day__content"
              >
                29
              </div>
            </li>
            <li
              className="za-calendar__day za-calendar__day--disabled"
              key="2017-10-30"
              onClick={[Function]}
            >
              <div
                className="za-calendar__day__content"
              >
                30
              </div>
            </li>
          </ul>
        </section>
      </CalendarMonthView>
    </section>
  </div>
</CalendarView>
`;
